0 info it worked if it ends with ok
1 verbose cli [
1 verbose cli   '/Users/fritz/.nvm/versions/node/v20.19.6/bin/node',
1 verbose cli   '/Users/fritz/Desktop/BA/image-describer/apps/web/node_modules/.bin/npm',
1 verbose cli   'install',
1 verbose cli   '--save-exact',
1 verbose cli   '--save-dev',
1 verbose cli   'typescript',
1 verbose cli   '@types/react',
1 verbose cli   '@types/node'
1 verbose cli ]
2 info using npm@2.15.12
3 info using node@v20.19.6
4 verbose install initial load of /Users/fritz/Desktop/BA/image-describer/apps/web/package.json
5 verbose installManyTop reading scoped package data from /Users/fritz/Desktop/BA/image-describer/apps/web/node_modules/baseline-browser-mapping/package.json
6 verbose installManyTop reading scoped package data from /Users/fritz/Desktop/BA/image-describer/apps/web/node_modules/caniuse-lite/package.json
7 verbose installManyTop reading scoped package data from /Users/fritz/Desktop/BA/image-describer/apps/web/node_modules/client-only/package.json
8 verbose installManyTop reading scoped package data from /Users/fritz/Desktop/BA/image-describer/apps/web/node_modules/detect-libc/package.json
9 verbose installManyTop reading scoped package data from /Users/fritz/Desktop/BA/image-describer/apps/web/node_modules/js-tokens/package.json
10 verbose installManyTop reading scoped package data from /Users/fritz/Desktop/BA/image-describer/apps/web/node_modules/latest/package.json
11 verbose installManyTop reading scoped package data from /Users/fritz/Desktop/BA/image-describer/apps/web/node_modules/loose-envify/package.json
12 verbose installManyTop reading scoped package data from /Users/fritz/Desktop/BA/image-describer/apps/web/node_modules/nanoid/package.json
13 verbose installManyTop reading scoped package data from /Users/fritz/Desktop/BA/image-describer/apps/web/node_modules/next/package.json
14 verbose installManyTop reading scoped package data from /Users/fritz/Desktop/BA/image-describer/apps/web/node_modules/npm/package.json
15 verbose installManyTop reading scoped package data from /Users/fritz/Desktop/BA/image-describer/apps/web/node_modules/picocolors/package.json
16 verbose installManyTop reading scoped package data from /Users/fritz/Desktop/BA/image-describer/apps/web/node_modules/postcss/package.json
17 verbose installManyTop reading scoped package data from /Users/fritz/Desktop/BA/image-describer/apps/web/node_modules/react/package.json
18 verbose installManyTop reading scoped package data from /Users/fritz/Desktop/BA/image-describer/apps/web/node_modules/react-dom/package.json
19 verbose installManyTop reading scoped package data from /Users/fritz/Desktop/BA/image-describer/apps/web/node_modules/scheduler/package.json
20 verbose installManyTop reading scoped package data from /Users/fritz/Desktop/BA/image-describer/apps/web/node_modules/semver/package.json
21 verbose installManyTop reading scoped package data from /Users/fritz/Desktop/BA/image-describer/apps/web/node_modules/sharp/package.json
22 verbose installManyTop reading scoped package data from /Users/fritz/Desktop/BA/image-describer/apps/web/node_modules/source-map-js/package.json
23 verbose installManyTop reading scoped package data from /Users/fritz/Desktop/BA/image-describer/apps/web/node_modules/styled-jsx/package.json
24 verbose installManyTop reading scoped package data from /Users/fritz/Desktop/BA/image-describer/apps/web/node_modules/tslib/package.json
25 verbose installManyTop reading scoped package data from /Users/fritz/Desktop/BA/image-describer/apps/web/node_modules/@img/colour/package.json
26 verbose installManyTop reading scoped package data from /Users/fritz/Desktop/BA/image-describer/apps/web/node_modules/@img/sharp-darwin-x64/package.json
27 verbose installManyTop reading scoped package data from /Users/fritz/Desktop/BA/image-describer/apps/web/node_modules/@img/sharp-libvips-darwin-x64/package.json
28 verbose installManyTop reading scoped package data from /Users/fritz/Desktop/BA/image-describer/apps/web/node_modules/@swc/helpers/package.json
29 verbose installManyTop reading scoped package data from /Users/fritz/Desktop/BA/image-describer/apps/web/node_modules/@next/env/package.json
30 verbose installManyTop reading scoped package data from /Users/fritz/Desktop/BA/image-describer/apps/web/node_modules/@next/swc-darwin-x64/package.json
31 info package.json client-only@0.0.1 No repository field.
32 info package.json client-only@0.0.1 No README data
33 info package.json @swc/helpers@0.5.15 No README data
34 info package.json latest@0.2.0 No license field.
35 info package.json npm@2.15.12 Non-dependency in bundleDependencies: ansi-regex
36 info package.json npm@2.15.12 Non-dependency in bundleDependencies: imurmurhash
37 info package.json @img/sharp-libvips-darwin-x64@1.2.4 license should be a valid SPDX license expression
38 verbose readDependencies loading dependencies from /Users/fritz/Desktop/BA/image-describer/apps/web/package.json
39 silly cache add args [ 'typescript', null ]
40 verbose cache add spec typescript
41 silly cache add args [ '@types/react', null ]
42 verbose cache add spec @types/react
43 silly cache add args [ '@types/node', null ]
44 verbose cache add spec @types/node
45 silly cache add parsed spec Result {
45 silly cache add   raw: 'typescript',
45 silly cache add   scope: null,
45 silly cache add   name: 'typescript',
45 silly cache add   rawSpec: '',
45 silly cache add   spec: 'latest',
45 silly cache add   type: 'tag'
45 silly cache add }
46 silly addNamed typescript@latest
47 verbose addNamed "latest" is being treated as a dist-tag for typescript
48 info addNameTag [ 'typescript', 'latest' ]
49 silly mapToRegistry name typescript
50 silly mapToRegistry using default registry
51 silly mapToRegistry registry https://registry.npmjs.org/
52 silly mapToRegistry data Result {
52 silly mapToRegistry   raw: 'typescript',
52 silly mapToRegistry   scope: null,
52 silly mapToRegistry   name: 'typescript',
52 silly mapToRegistry   rawSpec: '',
52 silly mapToRegistry   spec: 'latest',
52 silly mapToRegistry   type: 'tag'
52 silly mapToRegistry }
53 silly mapToRegistry uri https://registry.npmjs.org/typescript
54 verbose addNameTag registry:https://registry.npmjs.org/typescript not in flight; fetching
55 silly cache add parsed spec Result {
55 silly cache add   raw: '@types/react',
55 silly cache add   scope: '@types',
55 silly cache add   name: '@types/react',
55 silly cache add   rawSpec: '',
55 silly cache add   spec: 'latest',
55 silly cache add   type: 'tag'
55 silly cache add }
56 silly addNamed @types/react@latest
57 verbose addNamed "latest" is being treated as a dist-tag for @types/react
58 info addNameTag [ '@types/react', 'latest' ]
59 silly mapToRegistry name @types/react
60 silly mapToRegistry scope (from package name) @types
61 verbose mapToRegistry no registry URL found in name for scope @types
62 silly mapToRegistry using default registry
63 silly mapToRegistry registry https://registry.npmjs.org/
64 silly mapToRegistry data Result {
64 silly mapToRegistry   raw: '@types/react',
64 silly mapToRegistry   scope: '@types',
64 silly mapToRegistry   name: '@types/react',
64 silly mapToRegistry   rawSpec: '',
64 silly mapToRegistry   spec: 'latest',
64 silly mapToRegistry   type: 'tag'
64 silly mapToRegistry }
65 silly mapToRegistry uri https://registry.npmjs.org/@types%2freact
66 verbose addNameTag registry:https://registry.npmjs.org/@types%2freact not in flight; fetching
67 silly cache add parsed spec Result {
67 silly cache add   raw: '@types/node',
67 silly cache add   scope: '@types',
67 silly cache add   name: '@types/node',
67 silly cache add   rawSpec: '',
67 silly cache add   spec: 'latest',
67 silly cache add   type: 'tag'
67 silly cache add }
68 silly addNamed @types/node@latest
69 verbose addNamed "latest" is being treated as a dist-tag for @types/node
70 info addNameTag [ '@types/node', 'latest' ]
71 silly mapToRegistry name @types/node
72 silly mapToRegistry scope (from package name) @types
73 verbose mapToRegistry no registry URL found in name for scope @types
74 silly mapToRegistry using default registry
75 silly mapToRegistry registry https://registry.npmjs.org/
76 silly mapToRegistry data Result {
76 silly mapToRegistry   raw: '@types/node',
76 silly mapToRegistry   scope: '@types',
76 silly mapToRegistry   name: '@types/node',
76 silly mapToRegistry   rawSpec: '',
76 silly mapToRegistry   spec: 'latest',
76 silly mapToRegistry   type: 'tag'
76 silly mapToRegistry }
77 silly mapToRegistry uri https://registry.npmjs.org/@types%2fnode
78 verbose addNameTag registry:https://registry.npmjs.org/@types%2fnode not in flight; fetching
79 verbose request uri https://registry.npmjs.org/typescript
80 verbose request no auth needed
81 info attempt registry request try #1 at 16:36:26
82 verbose request id 4052560c83ecfd17
83 http request GET https://registry.npmjs.org/typescript
84 verbose request uri https://registry.npmjs.org/@types%2freact
85 verbose request no auth needed
86 info attempt registry request try #1 at 16:36:26
87 http request GET https://registry.npmjs.org/@types%2freact
88 verbose request uri https://registry.npmjs.org/@types%2fnode
89 verbose request no auth needed
90 info attempt registry request try #1 at 16:36:26
91 http request GET https://registry.npmjs.org/@types%2fnode
92 http 200 https://registry.npmjs.org/@types%2freact
93 verbose headers {
93 verbose headers   date: 'Mon, 12 Jan 2026 15:36:27 GMT',
93 verbose headers   'content-type': 'application/json',
93 verbose headers   'transfer-encoding': 'chunked',
93 verbose headers   connection: 'keep-alive',
93 verbose headers   'content-encoding': 'gzip',
93 verbose headers   'cf-ray': '9bcdbac188f11931-TXL',
93 verbose headers   'cf-cache-status': 'HIT',
93 verbose headers   'access-control-allow-origin': '*',
93 verbose headers   age: '257',
93 verbose headers   'cache-control': 'public, max-age=300',
93 verbose headers   etag: 'W/"f34992f68401f46f1c1242b169fc1ae0"',
93 verbose headers   'last-modified': 'Sat, 10 Jan 2026 09:35:32 GMT',
93 verbose headers   vary: 'accept-encoding, accept',
93 verbose headers   'set-cookie': [
93 verbose headers     '_cfuvid=7eLWmgVXuDLNsHo50vsil9pPoIBIXZO7h9UwUxQYtOU-1768232187151-0.0.1.1-604800000; path=/; domain=.npmjs.org; HttpOnly; Secure; SameSite=None'
93 verbose headers   ],
93 verbose headers   server: 'cloudflare'
93 verbose headers }
94 silly get cb [
94 silly get   200,
94 silly get   {
94 silly get     date: 'Mon, 12 Jan 2026 15:36:27 GMT',
94 silly get     'content-type': 'application/json',
94 silly get     'transfer-encoding': 'chunked',
94 silly get     connection: 'keep-alive',
94 silly get     'content-encoding': 'gzip',
94 silly get     'cf-ray': '9bcdbac188f11931-TXL',
94 silly get     'cf-cache-status': 'HIT',
94 silly get     'access-control-allow-origin': '*',
94 silly get     age: '257',
94 silly get     'cache-control': 'public, max-age=300',
94 silly get     etag: 'W/"f34992f68401f46f1c1242b169fc1ae0"',
94 silly get     'last-modified': 'Sat, 10 Jan 2026 09:35:32 GMT',
94 silly get     vary: 'accept-encoding, accept',
94 silly get     'set-cookie': [
94 silly get       '_cfuvid=7eLWmgVXuDLNsHo50vsil9pPoIBIXZO7h9UwUxQYtOU-1768232187151-0.0.1.1-604800000; path=/; domain=.npmjs.org; HttpOnly; Secure; SameSite=None'
94 silly get     ],
94 silly get     server: 'cloudflare'
94 silly get   }
94 silly get ]
95 verbose get saving @types/react to /Users/fritz/.npm/registry.npmjs.org/_40types_252freact/.cache.json
96 verbose correctMkdir /Users/fritz/.npm correctMkdir not in flight; initializing
97 silly addNameTag next cb for @types/react with tag latest
98 silly addNamed @types/react@19.2.8
99 verbose addNamed "19.2.8" is a plain semver version for @types/react
100 silly mapToRegistry name @types/react
101 silly mapToRegistry scope (from package name) @types
102 verbose mapToRegistry no registry URL found in name for scope @types
103 silly mapToRegistry using default registry
104 silly mapToRegistry registry https://registry.npmjs.org/
105 silly mapToRegistry data Result {
105 silly mapToRegistry   raw: '@types/react',
105 silly mapToRegistry   scope: '@types',
105 silly mapToRegistry   name: '@types/react',
105 silly mapToRegistry   rawSpec: '',
105 silly mapToRegistry   spec: 'latest',
105 silly mapToRegistry   type: 'tag'
105 silly mapToRegistry }
106 silly mapToRegistry uri https://registry.npmjs.org/@types%2freact
107 verbose addRemoteTarball https://registry.npmjs.org/@types/react/-/react-19.2.8.tgz not in flight; adding
108 verbose addRemoteTarball [
108 verbose addRemoteTarball   'https://registry.npmjs.org/@types/react/-/react-19.2.8.tgz',
108 verbose addRemoteTarball   '307011c9f5973a6abab8e17d0293f48843627994'
108 verbose addRemoteTarball ]
109 info retry fetch attempt 1 at 16:36:27
110 info attempt registry request try #1 at 16:36:27
111 http fetch GET https://registry.npmjs.org/@types/react/-/react-19.2.8.tgz
112 http fetch 200 https://registry.npmjs.org/@types/react/-/react-19.2.8.tgz
113 silly fetchAndShaCheck shasum 307011c9f5973a6abab8e17d0293f48843627994
114 verbose addTmpTarball /var/folders/c8/6gkzjqjn43ldn8yh0ftjr6lc0000gn/T/npm-39480-c5ccc938/registry.npmjs.org/_40types/react/-/react-19.2.8.tgz not in flight; adding
115 verbose addTmpTarball already have metadata; skipping unpack for @types/react@19.2.8
116 verbose correctMkdir /Users/fritz/.npm correctMkdir not in flight; initializing
117 silly cache afterAdd @types/react@19.2.8
118 verbose afterAdd /Users/fritz/.npm/@types/react/19.2.8/package/package.json not in flight; writing
119 verbose correctMkdir /Users/fritz/.npm correctMkdir not in flight; initializing
120 verbose afterAdd /Users/fritz/.npm/@types/react/19.2.8/package/package.json written
121 http 200 https://registry.npmjs.org/@types%2fnode
122 verbose headers {
122 verbose headers   date: 'Mon, 12 Jan 2026 15:36:27 GMT',
122 verbose headers   'content-type': 'application/json',
122 verbose headers   'transfer-encoding': 'chunked',
122 verbose headers   connection: 'keep-alive',
122 verbose headers   'content-encoding': 'gzip',
122 verbose headers   'cf-ray': '9bcdbac18a53b6ae-TXL',
122 verbose headers   'cf-cache-status': 'HIT',
122 verbose headers   'access-control-allow-origin': '*',
122 verbose headers   age: '296',
122 verbose headers   'cache-control': 'public, max-age=300',
122 verbose headers   etag: 'W/"35fff571c1559345f41131f682f4b871"',
122 verbose headers   'last-modified': 'Sat, 10 Jan 2026 17:35:19 GMT',
122 verbose headers   vary: 'accept-encoding, accept',
122 verbose headers   'set-cookie': [
122 verbose headers     '_cfuvid=yGARps_UaHBC9X8zuNmnY.Ms9hOWONRKlpWk7haQAt0-1768232187157-0.0.1.1-604800000; path=/; domain=.npmjs.org; HttpOnly; Secure; SameSite=None'
122 verbose headers   ],
122 verbose headers   server: 'cloudflare'
122 verbose headers }
123 silly get cb [
123 silly get   200,
123 silly get   {
123 silly get     date: 'Mon, 12 Jan 2026 15:36:27 GMT',
123 silly get     'content-type': 'application/json',
123 silly get     'transfer-encoding': 'chunked',
123 silly get     connection: 'keep-alive',
123 silly get     'content-encoding': 'gzip',
123 silly get     'cf-ray': '9bcdbac18a53b6ae-TXL',
123 silly get     'cf-cache-status': 'HIT',
123 silly get     'access-control-allow-origin': '*',
123 silly get     age: '296',
123 silly get     'cache-control': 'public, max-age=300',
123 silly get     etag: 'W/"35fff571c1559345f41131f682f4b871"',
123 silly get     'last-modified': 'Sat, 10 Jan 2026 17:35:19 GMT',
123 silly get     vary: 'accept-encoding, accept',
123 silly get     'set-cookie': [
123 silly get       '_cfuvid=yGARps_UaHBC9X8zuNmnY.Ms9hOWONRKlpWk7haQAt0-1768232187157-0.0.1.1-604800000; path=/; domain=.npmjs.org; HttpOnly; Secure; SameSite=None'
123 silly get     ],
123 silly get     server: 'cloudflare'
123 silly get   }
123 silly get ]
124 verbose get saving @types/node to /Users/fritz/.npm/registry.npmjs.org/_40types_252fnode/.cache.json
125 verbose correctMkdir /Users/fritz/.npm correctMkdir not in flight; initializing
126 silly addNameTag next cb for @types/node with tag latest
127 silly addNamed @types/node@25.0.6
128 verbose addNamed "25.0.6" is a plain semver version for @types/node
129 silly mapToRegistry name @types/node
130 silly mapToRegistry scope (from package name) @types
131 verbose mapToRegistry no registry URL found in name for scope @types
132 silly mapToRegistry using default registry
133 silly mapToRegistry registry https://registry.npmjs.org/
134 silly mapToRegistry data Result {
134 silly mapToRegistry   raw: '@types/node',
134 silly mapToRegistry   scope: '@types',
134 silly mapToRegistry   name: '@types/node',
134 silly mapToRegistry   rawSpec: '',
134 silly mapToRegistry   spec: 'latest',
134 silly mapToRegistry   type: 'tag'
134 silly mapToRegistry }
135 silly mapToRegistry uri https://registry.npmjs.org/@types%2fnode
136 verbose addRemoteTarball https://registry.npmjs.org/@types/node/-/node-25.0.6.tgz not in flight; adding
137 verbose addRemoteTarball [
137 verbose addRemoteTarball   'https://registry.npmjs.org/@types/node/-/node-25.0.6.tgz',
137 verbose addRemoteTarball   '5ca3c46f2b256b59128f433426e42d464765dab1'
137 verbose addRemoteTarball ]
138 info retry fetch attempt 1 at 16:36:28
139 info attempt registry request try #1 at 16:36:28
140 http fetch GET https://registry.npmjs.org/@types/node/-/node-25.0.6.tgz
141 http fetch 200 https://registry.npmjs.org/@types/node/-/node-25.0.6.tgz
142 http 200 https://registry.npmjs.org/typescript
143 verbose headers {
143 verbose headers   date: 'Mon, 12 Jan 2026 15:36:27 GMT',
143 verbose headers   'content-type': 'application/json',
143 verbose headers   'transfer-encoding': 'chunked',
143 verbose headers   connection: 'keep-alive',
143 verbose headers   'content-encoding': 'gzip',
143 verbose headers   'cf-ray': '9bcdbac17e5da5b6-TXL',
143 verbose headers   'cf-cache-status': 'HIT',
143 verbose headers   'access-control-allow-origin': '*',
143 verbose headers   age: '299',
143 verbose headers   'cache-control': 'public, max-age=300',
143 verbose headers   etag: 'W/"475bb7c4f386090d1a436aeb80a1205a"',
143 verbose headers   'last-modified': 'Mon, 12 Jan 2026 07:16:07 GMT',
143 verbose headers   vary: 'accept-encoding, accept',
143 verbose headers   'set-cookie': [
143 verbose headers     '_cfuvid=PWwplETagjQ56PSCNBScD32VtjiujfD14je9oZSC..I-1768232187132-0.0.1.1-604800000; path=/; domain=.npmjs.org; HttpOnly; Secure; SameSite=None'
143 verbose headers   ],
143 verbose headers   server: 'cloudflare'
143 verbose headers }
144 silly get cb [
144 silly get   200,
144 silly get   {
144 silly get     date: 'Mon, 12 Jan 2026 15:36:27 GMT',
144 silly get     'content-type': 'application/json',
144 silly get     'transfer-encoding': 'chunked',
144 silly get     connection: 'keep-alive',
144 silly get     'content-encoding': 'gzip',
144 silly get     'cf-ray': '9bcdbac17e5da5b6-TXL',
144 silly get     'cf-cache-status': 'HIT',
144 silly get     'access-control-allow-origin': '*',
144 silly get     age: '299',
144 silly get     'cache-control': 'public, max-age=300',
144 silly get     etag: 'W/"475bb7c4f386090d1a436aeb80a1205a"',
144 silly get     'last-modified': 'Mon, 12 Jan 2026 07:16:07 GMT',
144 silly get     vary: 'accept-encoding, accept',
144 silly get     'set-cookie': [
144 silly get       '_cfuvid=PWwplETagjQ56PSCNBScD32VtjiujfD14je9oZSC..I-1768232187132-0.0.1.1-604800000; path=/; domain=.npmjs.org; HttpOnly; Secure; SameSite=None'
144 silly get     ],
144 silly get     server: 'cloudflare'
144 silly get   }
144 silly get ]
145 verbose get saving typescript to /Users/fritz/.npm/registry.npmjs.org/typescript/.cache.json
146 verbose correctMkdir /Users/fritz/.npm correctMkdir not in flight; initializing
147 silly addNameTag next cb for typescript with tag latest
148 silly addNamed typescript@5.9.3
149 verbose addNamed "5.9.3" is a plain semver version for typescript
150 silly mapToRegistry name typescript
151 silly mapToRegistry using default registry
152 silly mapToRegistry registry https://registry.npmjs.org/
153 silly mapToRegistry data Result {
153 silly mapToRegistry   raw: 'typescript',
153 silly mapToRegistry   scope: null,
153 silly mapToRegistry   name: 'typescript',
153 silly mapToRegistry   rawSpec: '',
153 silly mapToRegistry   spec: 'latest',
153 silly mapToRegistry   type: 'tag'
153 silly mapToRegistry }
154 silly mapToRegistry uri https://registry.npmjs.org/typescript
155 verbose addRemoteTarball https://registry.npmjs.org/typescript/-/typescript-5.9.3.tgz not in flight; adding
156 verbose addRemoteTarball [
156 verbose addRemoteTarball   'https://registry.npmjs.org/typescript/-/typescript-5.9.3.tgz',
156 verbose addRemoteTarball   '5b4f59e15310ab17a216f5d6cf53ee476ede670f'
156 verbose addRemoteTarball ]
157 info retry fetch attempt 1 at 16:36:29
158 info attempt registry request try #1 at 16:36:29
159 http fetch GET https://registry.npmjs.org/typescript/-/typescript-5.9.3.tgz
160 silly fetchAndShaCheck shasum 5ca3c46f2b256b59128f433426e42d464765dab1
161 verbose addTmpTarball /var/folders/c8/6gkzjqjn43ldn8yh0ftjr6lc0000gn/T/npm-39480-c5ccc938/registry.npmjs.org/_40types/node/-/node-25.0.6.tgz not in flight; adding
162 verbose addTmpTarball already have metadata; skipping unpack for @types/node@25.0.6
163 verbose correctMkdir /Users/fritz/.npm correctMkdir not in flight; initializing
164 silly cache afterAdd @types/node@25.0.6
165 verbose afterAdd /Users/fritz/.npm/@types/node/25.0.6/package/package.json not in flight; writing
166 verbose correctMkdir /Users/fritz/.npm correctMkdir not in flight; initializing
167 verbose afterAdd /Users/fritz/.npm/@types/node/25.0.6/package/package.json written
168 http fetch 200 https://registry.npmjs.org/typescript/-/typescript-5.9.3.tgz
169 silly fetchAndShaCheck shasum 5b4f59e15310ab17a216f5d6cf53ee476ede670f
170 verbose addTmpTarball /var/folders/c8/6gkzjqjn43ldn8yh0ftjr6lc0000gn/T/npm-39480-c5ccc938/registry.npmjs.org/typescript/-/typescript-5.9.3.tgz not in flight; adding
171 verbose addTmpTarball already have metadata; skipping unpack for typescript@5.9.3
172 verbose correctMkdir /Users/fritz/.npm correctMkdir not in flight; initializing
173 silly cache afterAdd typescript@5.9.3
174 verbose afterAdd /Users/fritz/.npm/typescript/5.9.3/package/package.json not in flight; writing
175 verbose correctMkdir /Users/fritz/.npm correctMkdir not in flight; initializing
176 verbose afterAdd /Users/fritz/.npm/typescript/5.9.3/package/package.json written
177 silly install resolved [
177 silly install resolved   {
177 silly install resolved     name: '@types/react',
177 silly install resolved     version: '19.2.8',
177 silly install resolved     license: 'MIT',
177 silly install resolved     _id: '@types/react@19.2.8',
177 silly install resolved     maintainers: [ [Object] ],
177 silly install resolved     contributors: [
177 silly install resolved       [Object], [Object], [Object],
177 silly install resolved       [Object], [Object], [Object],
177 silly install resolved       [Object], [Object], [Object],
177 silly install resolved       [Object], [Object], [Object],
177 silly install resolved       [Object], [Object], [Object],
177 silly install resolved       [Object], [Object], [Object],
177 silly install resolved       [Object], [Object], [Object],
177 silly install resolved       [Object], [Object], [Object],
177 silly install resolved       [Object], [Object], [Object]
177 silly install resolved     ],
177 silly install resolved     homepage: 'https://github.com/DefinitelyTyped/DefinitelyTyped/tree/master/types/react',
177 silly install resolved     dist: {
177 silly install resolved       shasum: '307011c9f5973a6abab8e17d0293f48843627994',
177 silly install resolved       tarball: 'https://registry.npmjs.org/@types/react/-/react-19.2.8.tgz',
177 silly install resolved       fileCount: 18,
177 silly install resolved       integrity: 'sha512-3MbSL37jEchWZz2p2mjntRZtPt837ij10ApxKfgmXCTuHWagYg7iA5bqPw6C8BMPfwidlvfPI/fxOc42HLhcyg==',
177 silly install resolved       signatures: [Array],
177 silly install resolved       unpackedSize: 402348
177 silly install resolved     },
177 silly install resolved     main: '',
177 silly install resolved     types: 'index.d.ts',
177 silly install resolved     exports: {
177 silly install resolved       '.': [Object],
177 silly install resolved       './canary': [Object],
177 silly install resolved       './jsx-runtime': [Object],
177 silly install resolved       './experimental': [Object],
177 silly install resolved       './package.json': './package.json',
177 silly install resolved       './jsx-dev-runtime': [Object],
177 silly install resolved       './compiler-runtime': [Object]
177 silly install resolved     },
177 silly install resolved     scripts: {},
177 silly install resolved     _npmUser: { name: 'types', email: 'ts-npm-types@microsoft.com' },
177 silly install resolved     repository: {
177 silly install resolved       url: 'https://github.com/DefinitelyTyped/DefinitelyTyped.git',
177 silly install resolved       type: 'git',
177 silly install resolved       directory: 'types/react'
177 silly install resolved     },
177 silly install resolved     description: 'TypeScript definitions for react',
177 silly install resolved     directories: {},
177 silly install resolved     dependencies: { csstype: '^3.2.2' },
177 silly install resolved     typesVersions: { '<=5.0': [Object] },
177 silly install resolved     _hasShrinkwrap: false,
177 silly install resolved     peerDependencies: {},
177 silly install resolved     typeScriptVersion: '5.2',
177 silly install resolved     _npmOperationalInternal: {
177 silly install resolved       tmp: 'tmp/react_19.2.8_1768037721633_0.4407933575163945',
177 silly install resolved       host: 's3://npm-registry-packages-npm-production'
177 silly install resolved     },
177 silly install resolved     typesPublisherContentHash: 'c9838d545f1709345a21b6b6fc58e0d5fde2af0c005deed9b55bcb60b2373b33',
177 silly install resolved     _shasum: '307011c9f5973a6abab8e17d0293f48843627994',
177 silly install resolved     _resolved: 'https://registry.npmjs.org/@types/react/-/react-19.2.8.tgz',
177 silly install resolved     _from: '@types/react@latest'
177 silly install resolved   },
177 silly install resolved   {
177 silly install resolved     name: '@types/node',
177 silly install resolved     version: '25.0.6',
177 silly install resolved     license: 'MIT',
177 silly install resolved     _id: '@types/node@25.0.6',
177 silly install resolved     maintainers: [ [Object] ],
177 silly install resolved     contributors: [
177 silly install resolved       [Object], [Object], [Object],
177 silly install resolved       [Object], [Object], [Object],
177 silly install resolved       [Object], [Object], [Object],
177 silly install resolved       [Object], [Object], [Object],
177 silly install resolved       [Object], [Object], [Object],
177 silly install resolved       [Object], [Object], [Object],
177 silly install resolved       [Object], [Object], [Object],
177 silly install resolved       [Object], [Object], [Object]
177 silly install resolved     ],
177 silly install resolved     homepage: 'https://github.com/DefinitelyTyped/DefinitelyTyped/tree/master/types/node',
177 silly install resolved     dist: {
177 silly install resolved       shasum: '5ca3c46f2b256b59128f433426e42d464765dab1',
177 silly install resolved       tarball: 'https://registry.npmjs.org/@types/node/-/node-25.0.6.tgz',
177 silly install resolved       fileCount: 106,
177 silly install resolved       integrity: 'sha512-NNu0sjyNxpoiW3YuVFfNz7mxSQ+S4X2G28uqg2s+CzoqoQjLPsWSbsFFyztIAqt2vb8kfEAsJNepMGPTxFDx3Q==',
177 silly install resolved       signatures: [Array],
177 silly install resolved       unpackedSize: 2363826
177 silly install resolved     },
177 silly install resolved     main: '',
177 silly install resolved     types: 'index.d.ts',
177 silly install resolved     scripts: {},
177 silly install resolved     _npmUser: { name: 'types', email: 'ts-npm-types@microsoft.com' },
177 silly install resolved     repository: {
177 silly install resolved       url: 'https://github.com/DefinitelyTyped/DefinitelyTyped.git',
177 silly install resolved       type: 'git',
177 silly install resolved       directory: 'types/node'
177 silly install resolved     },
177 silly install resolved     description: 'TypeScript definitions for node',
177 silly install resolved     directories: {},
177 silly install resolved     dependencies: { 'undici-types': '~7.16.0' },
177 silly install resolved     typesVersions: { '<=5.6': [Object], '<=5.7': [Object] },
177 silly install resolved     _hasShrinkwrap: false,
177 silly install resolved     peerDependencies: {},
177 silly install resolved     typeScriptVersion: '5.2',
177 silly install resolved     _npmOperationalInternal: {
177 silly install resolved       tmp: 'tmp/node_25.0.6_1768066493629_0.015984450930019545',
177 silly install resolved       host: 's3://npm-registry-packages-npm-production'
177 silly install resolved     },
177 silly install resolved     typesPublisherContentHash: '94ab17c4429a0725db5c7c76ac2cdd2b664f773ddbb00f18d7f43b0e6c78b492',
177 silly install resolved     _shasum: '5ca3c46f2b256b59128f433426e42d464765dab1',
177 silly install resolved     _resolved: 'https://registry.npmjs.org/@types/node/-/node-25.0.6.tgz',
177 silly install resolved     _from: '@types/node@latest'
177 silly install resolved   },
177 silly install resolved   {
177 silly install resolved     name: 'typescript',
177 silly install resolved     version: '5.9.3',
177 silly install resolved     keywords: [ 'TypeScript', 'Microsoft', 'compiler', 'language', 'javascript' ],
177 silly install resolved     author: { name: 'Microsoft Corp.' },
177 silly install resolved     license: 'Apache-2.0',
177 silly install resolved     _id: 'typescript@5.9.3',
177 silly install resolved     maintainers: [
177 silly install resolved       [Object], [Object],
177 silly install resolved       [Object], [Object],
177 silly install resolved       [Object], [Object],
177 silly install resolved       [Object]
177 silly install resolved     ],
177 silly install resolved     homepage: 'https://www.typescriptlang.org/',
177 silly install resolved     bugs: { url: 'https://github.com/microsoft/TypeScript/issues' },
177 silly install resolved     bin: { tsc: 'bin/tsc', tsserver: 'bin/tsserver' },
177 silly install resolved     dist: {
177 silly install resolved       shasum: '5b4f59e15310ab17a216f5d6cf53ee476ede670f',
177 silly install resolved       tarball: 'https://registry.npmjs.org/typescript/-/typescript-5.9.3.tgz',
177 silly install resolved       fileCount: 132,
177 silly install resolved       integrity: 'sha512-jl1vZzPDinLr9eUt3J/t7V6FgNEw9QjvBPdysz9KfQDD41fQrC2Y4vKQdiaUpFT4bXlb1RHhLpp8wtm6M5TgSw==',
177 silly install resolved       signatures: [Array],
177 silly install resolved       unpackedSize: 23625066
177 silly install resolved     },
177 silly install resolved     main: './lib/typescript.js',
177 silly install resolved     _from: 'typescript@latest',
177 silly install resolved     volta: { npm: '8.19.4', node: '20.1.0' },
177 silly install resolved     browser: {
177 silly install resolved       fs: false,
177 silly install resolved       os: false,
177 silly install resolved       path: false,
177 silly install resolved       buffer: false,
177 silly install resolved       crypto: false,
177 silly install resolved       inspector: false,
177 silly install resolved       perf_hooks: false,
177 silly install resolved       'source-map-support': false
177 silly install resolved     },
177 silly install resolved     engines: { node: '>=14.17' },
177 silly install resolved     gitHead: 'c63de15a992d37f0d6cec03ac7631872838602cb',
177 silly install resolved     scripts: {
177 silly install resolved       gulp: 'hereby',
177 silly install resolved       knip: 'hereby knip',
177 silly install resolved       lint: 'hereby lint',
177 silly install resolved       test: 'hereby runtests-parallel --light=false',
177 silly install resolved       build: 'npm run build:compiler && npm run build:tests',
177 silly install resolved       clean: 'hereby clean',
177 silly install resolved       format: 'dprint fmt',
177 silly install resolved       'build:tests': 'hereby tests',
177 silly install resolved       'setup-hooks': 'node scripts/link-hooks.mjs',
177 silly install resolved       'build:compiler': 'hereby local',
177 silly install resolved       'test:eslint-rules': 'hereby run-eslint-rules-tests',
177 silly install resolved       'build:tests:notypecheck': 'hereby tests --no-typecheck'
177 silly install resolved     },
177 silly install resolved     typings: './lib/typescript.d.ts',
177 silly install resolved     _npmUser: { name: 'typescript-bot', email: 'typescript@microsoft.com' },
177 silly install resolved     _resolved: 'https://registry.npmjs.org/typescript/-/typescript-5.9.3.tgz',
177 silly install resolved     overrides: { 'typescript@*': '$typescript' },
177 silly install resolved     _integrity: 'sha512-jl1vZzPDinLr9eUt3J/t7V6FgNEw9QjvBPdysz9KfQDD41fQrC2Y4vKQdiaUpFT4bXlb1RHhLpp8wtm6M5TgSw==',
177 silly install resolved     repository: {
177 silly install resolved       url: 'git+https://github.com/microsoft/TypeScript.git',
177 silly install resolved       type: 'git'
177 silly install resolved     },
177 silly install resolved     _npmVersion: '10.7.0',
177 silly install resolved     description: 'TypeScript is a language for application scale JavaScript development',
177 silly install resolved     directories: {},
177 silly install resolved     _nodeVersion: '18.20.3',
177 silly install resolved     _hasShrinkwrap: false,
177 silly install resolved     packageManager: 'npm@8.19.4',
177 silly install resolved     devDependencies: {
177 silly install resolved       c8: '^10.1.3',
177 silly install resolved       ms: '^2.1.3',
177 silly install resolved       chai: '^4.5.0',
177 silly install resolved       diff: '^7.0.0',
177 silly install resolved       glob: '^10.4.5',
177 silly install resolved       knip: '^5.44.4',
177 silly install resolved       mocha: '^10.8.2',
177 silly install resolved       tslib: '^2.8.1',
177 silly install resolved       which: '^3.0.1',
177 silly install resolved       dprint: '^0.49.0',
177 silly install resolved       eslint: '^9.20.1',
177 silly install resolved       hereby: '^1.10.0',
177 silly install resolved       esbuild: '^0.25.0',
177 silly install resolved       globals: '^15.15.0',
177 silly install resolved       chokidar: '^4.0.3',
177 silly install resolved       minimist: '^1.2.8',
177 silly install resolved       '@types/ms': '^0.7.34',
177 silly install resolved       '@eslint/js': '^9.20.0',
177 silly install resolved       picocolors: '^1.1.1',
177 silly install resolved       playwright: '^1.50.1',
177 silly install resolved       typescript: '^5.7.3',
177 silly install resolved       '@types/chai': '^4.3.20',
177 silly install resolved       '@types/diff': '^7.0.1',
177 silly install resolved       '@types/node': 'latest',
177 silly install resolved       '@types/mocha': '^10.0.10',
177 silly install resolved       '@types/which': '^3.0.4',
177 silly install resolved       'jsonc-parser': '^3.3.1',
177 silly install resolved       '@octokit/rest': '^21.1.1',
177 silly install resolved       '@types/minimist': '^1.2.5',
177 silly install resolved       'fast-xml-parser': '^4.5.2',
177 silly install resolved       '@dprint/formatter': '^0.4.1',
177 silly install resolved       '@esfx/canceltoken': '^1.0.0',
177 silly install resolved       'typescript-eslint': '^8.24.1',
177 silly install resolved       '@dprint/typescript': '0.93.4',
177 silly install resolved       'source-map-support': '^0.5.21',
177 silly install resolved       'eslint-plugin-regexp': '^2.7.0',
177 silly install resolved       'azure-devops-node-api': '^14.1.0',
177 silly install resolved       '@typescript-eslint/utils': '^8.24.1',
177 silly install resolved       '@types/source-map-support': '^0.5.10',
177 silly install resolved       'monocart-coverage-reports': '^2.12.1',
177 silly install resolved       '@typescript-eslint/type-utils': '^8.24.1',
177 silly install resolved       '@typescript-eslint/rule-tester': '^8.24.1',
177 silly install resolved       'mocha-fivemat-progress-reporter': '^0.1.0',
177 silly install resolved       'eslint-formatter-autolinkable-stylish': '^1.4.0'
177 silly install resolved     },
177 silly install resolved     _npmOperationalInternal: {
177 silly install resolved       tmp: 'tmp/typescript_5.9.3_1759267178540_0.2143081415904824',
177 silly install resolved       host: 's3://npm-registry-packages-npm-production'
177 silly install resolved     },
177 silly install resolved     _shasum: '5b4f59e15310ab17a216f5d6cf53ee476ede670f'
177 silly install resolved   }
177 silly install resolved ]
178 info install @types/react@19.2.8 into /Users/fritz/Desktop/BA/image-describer/apps/web
179 info install @types/node@25.0.6 into /Users/fritz/Desktop/BA/image-describer/apps/web
180 info install typescript@5.9.3 into /Users/fritz/Desktop/BA/image-describer/apps/web
181 info installOne @types/react@19.2.8
182 verbose installOne of @types/react to /Users/fritz/Desktop/BA/image-describer/apps/web not in flight; installing
183 verbose correctMkdir /Users/fritz/.npm/_locks correctMkdir not in flight; initializing
184 info installOne @types/node@25.0.6
185 verbose installOne of @types/node to /Users/fritz/Desktop/BA/image-describer/apps/web not in flight; installing
186 verbose correctMkdir /Users/fritz/.npm/_locks correctMkdir already in flight; waiting
187 info installOne typescript@5.9.3
188 verbose installOne of typescript to /Users/fritz/Desktop/BA/image-describer/apps/web not in flight; installing
189 verbose correctMkdir /Users/fritz/.npm/_locks correctMkdir already in flight; waiting
190 verbose makeDirectory /Users/fritz/.npm/_locks creation not in flight; initializing
191 silly makeDirectory /Users/fritz/.npm/_locks uid: 501 gid: 20
192 verbose lock using /Users/fritz/.npm/_locks/types-react-68ea3eb9cf424fd6.lock for /Users/fritz/Desktop/BA/image-describer/apps/web/node_modules/@types/react
193 verbose lock using /Users/fritz/.npm/_locks/types-node-3f74f5cbc6ad7155.lock for /Users/fritz/Desktop/BA/image-describer/apps/web/node_modules/@types/node
194 verbose lock using /Users/fritz/.npm/_locks/typescript-e3a9f12d50b3e85f.lock for /Users/fritz/Desktop/BA/image-describer/apps/web/node_modules/typescript
195 silly install write writing @types/react 19.2.8 to /Users/fritz/Desktop/BA/image-describer/apps/web/node_modules/@types/react
196 silly install write writing @types/node 25.0.6 to /Users/fritz/Desktop/BA/image-describer/apps/web/node_modules/@types/node
197 silly install write writing typescript 5.9.3 to /Users/fritz/Desktop/BA/image-describer/apps/web/node_modules/typescript
198 verbose unbuild node_modules/@types/react
199 verbose unbuild node_modules/@types/node
200 verbose unbuild node_modules/typescript
201 silly gentlyRm /Users/fritz/Desktop/BA/image-describer/apps/web/node_modules/@types/react is being purged from base /Users/fritz/Desktop/BA/image-describer/apps/web
202 verbose gentlyRm don't care about contents; nuking /Users/fritz/Desktop/BA/image-describer/apps/web/node_modules/@types/react
203 silly gentlyRm /Users/fritz/Desktop/BA/image-describer/apps/web/node_modules/@types/node is being purged from base /Users/fritz/Desktop/BA/image-describer/apps/web
204 verbose gentlyRm don't care about contents; nuking /Users/fritz/Desktop/BA/image-describer/apps/web/node_modules/@types/node
205 verbose tar unpack /Users/fritz/.npm/@types/react/19.2.8/package.tgz
206 verbose tar unpacking to /Users/fritz/Desktop/BA/image-describer/apps/web/node_modules/@types/react
207 silly gentlyRm /Users/fritz/Desktop/BA/image-describer/apps/web/node_modules/@types/react is being purged
208 verbose gentlyRm don't care about contents; nuking /Users/fritz/Desktop/BA/image-describer/apps/web/node_modules/@types/react
209 verbose tar unpack /Users/fritz/.npm/@types/node/25.0.6/package.tgz
210 verbose tar unpacking to /Users/fritz/Desktop/BA/image-describer/apps/web/node_modules/@types/node
211 silly gentlyRm /Users/fritz/Desktop/BA/image-describer/apps/web/node_modules/@types/node is being purged
212 verbose gentlyRm don't care about contents; nuking /Users/fritz/Desktop/BA/image-describer/apps/web/node_modules/@types/node
213 silly gentlyRm /Users/fritz/Desktop/BA/image-describer/apps/web/node_modules/typescript is being purged from base /Users/fritz/Desktop/BA/image-describer/apps/web
214 verbose gentlyRm don't care about contents; nuking /Users/fritz/Desktop/BA/image-describer/apps/web/node_modules/typescript
215 silly gunzTarPerm modes [ '755', '644' ]
216 silly gunzTarPerm modes [ '755', '644' ]
217 verbose tar unpack /Users/fritz/.npm/typescript/5.9.3/package.tgz
218 verbose tar unpacking to /Users/fritz/Desktop/BA/image-describer/apps/web/node_modules/typescript
219 silly gentlyRm /Users/fritz/Desktop/BA/image-describer/apps/web/node_modules/typescript is being purged
220 verbose gentlyRm don't care about contents; nuking /Users/fritz/Desktop/BA/image-describer/apps/web/node_modules/typescript
221 silly gunzTarPerm modes [ '755', '644' ]
222 silly gunzTarPerm extractEntry
223 silly gunzTarPerm extractEntry
224 silly gunzTarPerm extractEntry bin/tsc
225 silly gunzTarPerm extractEntry
226 silly gunzTarPerm extractEntry
227 silly gunzTarPerm extractEntry
228 silly gunzTarPerm extractEntry
229 silly gunzTarPerm extractEntry
230 silly gunzTarPerm extractEntry
231 silly gunzTarPerm extractEntry bin/tsserver
232 silly gunzTarPerm extractEntry lib/_tsc.js
233 silly gunzTarPerm extractEntry
234 silly gunzTarPerm extractEntry
235 silly gunzTarPerm extractEntry
236 silly gunzTarPerm extractEntry
237 silly gunzTarPerm extractEntry
238 silly gunzTarPerm extractEntry
239 silly gunzTarPerm extractEntry
240 silly gunzTarPerm extractEntry
241 silly gunzTarPerm extractEntry
242 silly gunzTarPerm extractEntry
243 silly gunzTarPerm extractEntry
244 silly gunzTarPerm extractEntry
245 silly gunzTarPerm extractEntry
246 silly gunzTarPerm extractEntry
247 silly gunzTarPerm extractEntry
248 silly gunzTarPerm extractEntry
249 silly gunzTarPerm extractEntry
250 silly gunzTarPerm extractEntry
251 silly gunzTarPerm extractEntry
252 silly gunzTarPerm extractEntry
253 silly gunzTarPerm extractEntry
254 silly gunzTarPerm extractEntry
255 silly gunzTarPerm extractEntry
256 silly gunzTarPerm extractEntry
257 silly gunzTarPerm extractEntry
258 silly gunzTarPerm extractEntry
259 silly gunzTarPerm extractEntry
260 silly gunzTarPerm extractEntry
261 silly gunzTarPerm extractEntry
262 silly gunzTarPerm extractEntry
263 silly gunzTarPerm extractEntry
264 silly gunzTarPerm extractEntry
265 silly gunzTarPerm extractEntry
266 silly gunzTarPerm extractEntry
267 silly gunzTarPerm extractEntry
268 silly gunzTarPerm extractEntry
269 silly gunzTarPerm extractEntry
270 silly gunzTarPerm extractEntry
271 silly gunzTarPerm extractEntry
272 silly gunzTarPerm extractEntry
273 silly gunzTarPerm extractEntry
274 verbose unlock done using /Users/fritz/.npm/_locks/types-react-68ea3eb9cf424fd6.lock for /Users/fritz/Desktop/BA/image-describer/apps/web/node_modules/@types/react
275 silly gunzTarPerm extractEntry
276 silly gunzTarPerm extractEntry
277 silly gunzTarPerm extractEntry
278 silly gunzTarPerm extractEntry
279 silly gunzTarPerm extractEntry
280 silly gunzTarPerm extractEntry
281 silly gunzTarPerm extractEntry
282 silly gunzTarPerm extractEntry
283 silly gunzTarPerm extractEntry
284 silly gunzTarPerm extractEntry
285 silly gunzTarPerm extractEntry
286 silly gunzTarPerm extractEntry
287 silly gunzTarPerm extractEntry
288 silly gunzTarPerm extractEntry
289 silly gunzTarPerm extractEntry
290 silly gunzTarPerm extractEntry
291 silly gunzTarPerm extractEntry
292 silly gunzTarPerm extractEntry
293 silly gunzTarPerm extractEntry
294 silly gunzTarPerm extractEntry
295 silly gunzTarPerm extractEntry
296 silly gunzTarPerm extractEntry
297 silly gunzTarPerm extractEntry
298 silly gunzTarPerm extractEntry
299 silly gunzTarPerm extractEntry
300 silly gunzTarPerm extractEntry
301 silly gunzTarPerm extractEntry
302 silly gunzTarPerm extractEntry
303 silly gunzTarPerm extractEntry
304 silly gunzTarPerm extractEntry
305 silly gunzTarPerm extractEntry
306 silly gunzTarPerm extractEntry
307 silly gunzTarPerm extractEntry
308 silly gunzTarPerm extractEntry
309 silly gunzTarPerm extractEntry
310 silly gunzTarPerm extractEntry
311 silly gunzTarPerm extractEntry
312 silly gunzTarPerm extractEntry
313 silly gunzTarPerm extractEntry
314 silly gunzTarPerm extractEntry
315 silly gunzTarPerm extractEntry
316 silly gunzTarPerm extractEntry
317 silly gunzTarPerm extractEntry
318 silly gunzTarPerm extractEntry
319 silly gunzTarPerm extractEntry
320 silly gunzTarPerm extractEntry
321 silly gunzTarPerm extractEntry
322 silly gunzTarPerm extractEntry
323 silly gunzTarPerm extractEntry
324 silly gunzTarPerm extractEntry
325 silly gunzTarPerm extractEntry
326 silly gunzTarPerm extractEntry
327 silly gunzTarPerm extractEntry
328 silly gunzTarPerm extractEntry
329 silly gunzTarPerm extractEntry
330 silly gunzTarPerm extractEntry
331 silly gunzTarPerm extractEntry
332 silly gunzTarPerm extractEntry
333 silly gunzTarPerm extractEntry
334 silly gunzTarPerm extractEntry
335 silly gunzTarPerm extractEntry
336 silly gunzTarPerm extractEntry
337 silly gunzTarPerm extractEntry
338 silly gunzTarPerm extractEntry
339 silly gunzTarPerm extractEntry
340 silly gunzTarPerm extractEntry
341 silly gunzTarPerm extractEntry
342 silly gunzTarPerm extractEntry
343 silly gunzTarPerm extractEntry
344 silly gunzTarPerm extractEntry
345 silly gunzTarPerm extractEntry
346 silly gunzTarPerm extractEntry
347 silly gunzTarPerm extractEntry
348 silly gunzTarPerm extractEntry
349 silly gunzTarPerm extractEntry
350 silly gunzTarPerm extractEntry lib/_tsserver.js
351 silly gunzTarPerm extractEntry lib/_typingsInstaller.js
352 silly gunzTarPerm extractEntry lib/tsc.js
353 silly gunzTarPerm extractEntry lib/tsserver.js
354 silly gunzTarPerm extractEntry lib/tsserverlibrary.js
355 silly gunzTarPerm extractEntry lib/typescript.js
356 verbose unlock done using /Users/fritz/.npm/_locks/types-node-3f74f5cbc6ad7155.lock for /Users/fritz/Desktop/BA/image-describer/apps/web/node_modules/@types/node
357 silly gunzTarPerm extractEntry lib/typingsInstaller.js
358 silly gunzTarPerm extractEntry lib/watchGuard.js
359 silly gunzTarPerm extractEntry lib/cs/diagnosticMessages.generated.json
360 silly gunzTarPerm extractEntry lib/de/diagnosticMessages.generated.json
361 silly gunzTarPerm extractEntry lib/es/diagnosticMessages.generated.json
362 silly gunzTarPerm extractEntry lib/fr/diagnosticMessages.generated.json
363 silly gunzTarPerm extractEntry lib/it/diagnosticMessages.generated.json
364 silly gunzTarPerm extractEntry lib/ja/diagnosticMessages.generated.json
365 silly gunzTarPerm extractEntry lib/ko/diagnosticMessages.generated.json
366 silly gunzTarPerm extractEntry lib/pl/diagnosticMessages.generated.json
367 silly gunzTarPerm extractEntry lib/pt-br/diagnosticMessages.generated.json
368 silly gunzTarPerm extractEntry lib/ru/diagnosticMessages.generated.json
369 silly gunzTarPerm extractEntry lib/tr/diagnosticMessages.generated.json
370 silly gunzTarPerm extractEntry lib/zh-cn/diagnosticMessages.generated.json
371 silly gunzTarPerm extractEntry lib/zh-tw/diagnosticMessages.generated.json
372 silly gunzTarPerm extractEntry package.json
373 silly gunzTarPerm extractEntry lib/typesMap.json
374 silly gunzTarPerm extractEntry README.md
375 silly gunzTarPerm extractEntry SECURITY.md
376 silly gunzTarPerm extractEntry lib/lib.d.ts
377 silly gunzTarPerm extractEntry lib/lib.decorators.d.ts
378 silly gunzTarPerm extractEntry lib/lib.decorators.legacy.d.ts
379 silly gunzTarPerm extractEntry lib/lib.dom.asynciterable.d.ts
380 silly gunzTarPerm extractEntry lib/lib.dom.d.ts
381 silly gunzTarPerm extractEntry lib/lib.dom.iterable.d.ts
382 silly gunzTarPerm extractEntry lib/lib.es2015.collection.d.ts
383 silly gunzTarPerm extractEntry lib/lib.es2015.core.d.ts
384 silly gunzTarPerm extractEntry lib/lib.es2015.d.ts
385 silly gunzTarPerm extractEntry lib/lib.es2015.generator.d.ts
386 silly gunzTarPerm extractEntry lib/lib.es2015.iterable.d.ts
387 silly gunzTarPerm extractEntry lib/lib.es2015.promise.d.ts
388 silly gunzTarPerm extractEntry lib/lib.es2015.proxy.d.ts
389 silly gunzTarPerm extractEntry lib/lib.es2015.reflect.d.ts
390 silly gunzTarPerm extractEntry lib/lib.es2015.symbol.d.ts
391 silly gunzTarPerm extractEntry lib/lib.es2015.symbol.wellknown.d.ts
392 silly gunzTarPerm extractEntry lib/lib.es2016.array.include.d.ts
393 silly gunzTarPerm extractEntry lib/lib.es2016.d.ts
394 silly gunzTarPerm extractEntry lib/lib.es2016.full.d.ts
395 silly gunzTarPerm extractEntry lib/lib.es2016.intl.d.ts
396 silly gunzTarPerm extractEntry lib/lib.es2017.arraybuffer.d.ts
397 silly gunzTarPerm extractEntry lib/lib.es2017.d.ts
398 silly gunzTarPerm extractEntry lib/lib.es2017.date.d.ts
399 silly gunzTarPerm extractEntry lib/lib.es2017.full.d.ts
400 silly gunzTarPerm extractEntry lib/lib.es2017.intl.d.ts
401 silly gunzTarPerm extractEntry lib/lib.es2017.object.d.ts
402 silly gunzTarPerm extractEntry lib/lib.es2017.sharedmemory.d.ts
403 silly gunzTarPerm extractEntry lib/lib.es2017.string.d.ts
404 silly gunzTarPerm extractEntry lib/lib.es2017.typedarrays.d.ts
405 silly gunzTarPerm extractEntry lib/lib.es2018.asyncgenerator.d.ts
406 silly gunzTarPerm extractEntry lib/lib.es2018.asynciterable.d.ts
407 silly gunzTarPerm extractEntry lib/lib.es2018.d.ts
408 silly gunzTarPerm extractEntry lib/lib.es2018.full.d.ts
409 silly gunzTarPerm extractEntry lib/lib.es2018.intl.d.ts
410 silly gunzTarPerm extractEntry lib/lib.es2018.promise.d.ts
411 silly gunzTarPerm extractEntry lib/lib.es2018.regexp.d.ts
412 silly gunzTarPerm extractEntry lib/lib.es2019.array.d.ts
413 silly gunzTarPerm extractEntry lib/lib.es2019.d.ts
414 silly gunzTarPerm extractEntry lib/lib.es2019.full.d.ts
415 silly gunzTarPerm extractEntry lib/lib.es2019.intl.d.ts
416 silly gunzTarPerm extractEntry lib/lib.es2019.object.d.ts
417 silly gunzTarPerm extractEntry lib/lib.es2019.string.d.ts
418 silly gunzTarPerm extractEntry lib/lib.es2019.symbol.d.ts
419 silly gunzTarPerm extractEntry lib/lib.es2020.bigint.d.ts
420 silly gunzTarPerm extractEntry lib/lib.es2020.d.ts
421 silly gunzTarPerm extractEntry lib/lib.es2020.date.d.ts
422 silly gunzTarPerm extractEntry lib/lib.es2020.full.d.ts
423 silly gunzTarPerm extractEntry lib/lib.es2020.intl.d.ts
424 silly gunzTarPerm extractEntry lib/lib.es2020.number.d.ts
425 silly gunzTarPerm extractEntry lib/lib.es2020.promise.d.ts
426 silly gunzTarPerm extractEntry lib/lib.es2020.sharedmemory.d.ts
427 silly gunzTarPerm extractEntry lib/lib.es2020.string.d.ts
428 silly gunzTarPerm extractEntry lib/lib.es2020.symbol.wellknown.d.ts
429 silly gunzTarPerm extractEntry lib/lib.es2021.d.ts
430 silly gunzTarPerm extractEntry lib/lib.es2021.full.d.ts
431 silly gunzTarPerm extractEntry lib/lib.es2021.intl.d.ts
432 silly gunzTarPerm extractEntry lib/lib.es2021.promise.d.ts
433 silly gunzTarPerm extractEntry lib/lib.es2021.string.d.ts
434 silly gunzTarPerm extractEntry lib/lib.es2021.weakref.d.ts
435 silly gunzTarPerm extractEntry lib/lib.es2022.array.d.ts
436 silly gunzTarPerm extractEntry lib/lib.es2022.d.ts
437 silly gunzTarPerm extractEntry lib/lib.es2022.error.d.ts
438 silly gunzTarPerm extractEntry lib/lib.es2022.full.d.ts
439 silly gunzTarPerm extractEntry lib/lib.es2022.intl.d.ts
440 silly gunzTarPerm extractEntry lib/lib.es2022.object.d.ts
441 silly gunzTarPerm extractEntry lib/lib.es2022.regexp.d.ts
442 silly gunzTarPerm extractEntry lib/lib.es2022.string.d.ts
443 silly gunzTarPerm extractEntry lib/lib.es2023.array.d.ts
444 silly gunzTarPerm extractEntry lib/lib.es2023.collection.d.ts
445 silly gunzTarPerm extractEntry lib/lib.es2023.d.ts
446 silly gunzTarPerm extractEntry lib/lib.es2023.full.d.ts
447 silly gunzTarPerm extractEntry lib/lib.es2023.intl.d.ts
448 silly gunzTarPerm extractEntry lib/lib.es2024.arraybuffer.d.ts
449 silly gunzTarPerm extractEntry lib/lib.es2024.collection.d.ts
450 silly gunzTarPerm extractEntry lib/lib.es2024.d.ts
451 silly gunzTarPerm extractEntry lib/lib.es2024.full.d.ts
452 silly gunzTarPerm extractEntry lib/lib.es2024.object.d.ts
453 silly gunzTarPerm extractEntry lib/lib.es2024.promise.d.ts
454 silly gunzTarPerm extractEntry lib/lib.es2024.regexp.d.ts
455 silly gunzTarPerm extractEntry lib/lib.es2024.sharedmemory.d.ts
456 silly gunzTarPerm extractEntry lib/lib.es2024.string.d.ts
457 silly gunzTarPerm extractEntry lib/lib.es5.d.ts
458 silly gunzTarPerm extractEntry lib/lib.es6.d.ts
459 silly gunzTarPerm extractEntry lib/lib.esnext.array.d.ts
460 silly gunzTarPerm extractEntry lib/lib.esnext.collection.d.ts
461 silly gunzTarPerm extractEntry lib/lib.esnext.d.ts
462 silly gunzTarPerm extractEntry lib/lib.esnext.decorators.d.ts
463 silly gunzTarPerm extractEntry lib/lib.esnext.disposable.d.ts
464 silly gunzTarPerm extractEntry lib/lib.esnext.error.d.ts
465 silly gunzTarPerm extractEntry lib/lib.esnext.float16.d.ts
466 silly gunzTarPerm extractEntry lib/lib.esnext.full.d.ts
467 silly gunzTarPerm extractEntry lib/lib.esnext.intl.d.ts
468 silly gunzTarPerm extractEntry lib/lib.esnext.iterator.d.ts
469 silly gunzTarPerm extractEntry lib/lib.esnext.promise.d.ts
470 silly gunzTarPerm extractEntry lib/lib.esnext.sharedmemory.d.ts
471 silly gunzTarPerm extractEntry lib/lib.scripthost.d.ts
472 silly gunzTarPerm extractEntry lib/lib.webworker.asynciterable.d.ts
473 silly gunzTarPerm extractEntry lib/lib.webworker.d.ts
474 silly gunzTarPerm extractEntry lib/lib.webworker.importscripts.d.ts
475 silly gunzTarPerm extractEntry lib/lib.webworker.iterable.d.ts
476 silly gunzTarPerm extractEntry lib/tsserverlibrary.d.ts
477 silly gunzTarPerm extractEntry lib/typescript.d.ts
478 silly gunzTarPerm extractEntry LICENSE.txt
479 silly gunzTarPerm extractEntry ThirdPartyNoticeText.txt
480 verbose write writing to /Users/fritz/Desktop/BA/image-describer/apps/web/node_modules/typescript/package.json
481 info preinstall typescript@5.9.3
482 verbose readDependencies loading dependencies from /Users/fritz/Desktop/BA/image-describer/apps/web/node_modules/typescript/package.json
483 verbose readDependencies loading dependencies from /Users/fritz/Desktop/BA/image-describer/apps/web/node_modules/typescript/package.json
484 silly install resolved []
485 verbose about to build /Users/fritz/Desktop/BA/image-describer/apps/web/node_modules/typescript
486 info build /Users/fritz/Desktop/BA/image-describer/apps/web/node_modules/typescript
487 info linkStuff typescript@5.9.3
488 silly linkStuff typescript@5.9.3 has /Users/fritz/Desktop/BA/image-describer/apps/web/node_modules as its parent node_modules
489 verbose linkBins typescript@5.9.3
490 verbose link bins [
490 verbose link bins   { tsc: 'bin/tsc', tsserver: 'bin/tsserver' },
490 verbose link bins   '/Users/fritz/Desktop/BA/image-describer/apps/web/node_modules/.bin',
490 verbose link bins   false
490 verbose link bins ]
491 verbose linkMans typescript@5.9.3
492 verbose rebuildBundles typescript@5.9.3
493 silly gentlyRm /Users/fritz/Desktop/BA/image-describer/apps/web/node_modules/.bin/tsc is being purged
494 verbose gentlyRm don't care about contents; nuking /Users/fritz/Desktop/BA/image-describer/apps/web/node_modules/.bin/tsc
495 silly gentlyRm /Users/fritz/Desktop/BA/image-describer/apps/web/node_modules/.bin/tsserver is being purged
496 verbose gentlyRm don't care about contents; nuking /Users/fritz/Desktop/BA/image-describer/apps/web/node_modules/.bin/tsserver
497 info install typescript@5.9.3
498 info postinstall typescript@5.9.3
499 verbose unlock done using /Users/fritz/.npm/_locks/typescript-e3a9f12d50b3e85f.lock for /Users/fritz/Desktop/BA/image-describer/apps/web/node_modules/typescript
500 verbose stack Error: ENOTDIR: not a directory, open '/Users/fritz/Desktop/BA/image-describer/apps/web/node_modules/@types/react/package.json'
501 verbose cwd /Users/fritz/Desktop/BA/image-describer/apps/web
502 error Darwin 23.6.0
503 error argv "/Users/fritz/.nvm/versions/node/v20.19.6/bin/node" "/Users/fritz/Desktop/BA/image-describer/apps/web/node_modules/.bin/npm" "install" "--save-exact" "--save-dev" "typescript" "@types/react" "@types/node"
504 error node v20.19.6
505 error npm  v2.15.12
506 error path /Users/fritz/Desktop/BA/image-describer/apps/web/node_modules/@types/react/package.json
507 error code ENOTDIR
508 error errno -20
509 error syscall open
510 error ENOTDIR: not a directory, open '/Users/fritz/Desktop/BA/image-describer/apps/web/node_modules/@types/react/package.json'
511 error If you need help, you may report this error at:
511 error     <https://github.com/npm/npm/issues>
512 verbose exit [ -20, true ]
513 verbose unbuild node_modules/@types/react
514 silly gentlyRm /Users/fritz/Desktop/BA/image-describer/apps/web/node_modules/@types/react is being purged from base /Users/fritz/Desktop/BA/image-describer/apps/web
515 verbose gentlyRm don't care about contents; nuking /Users/fritz/Desktop/BA/image-describer/apps/web/node_modules/@types/react
516 silly vacuum-fs purging /Users/fritz/Desktop/BA/image-describer/apps/web/node_modules/@types/react
517 silly vacuum-fs quitting because other entries in /Users/fritz/Desktop/BA/image-describer/apps/web/node_modules/@types
518 verbose unbuild node_modules/@types/node
519 silly gentlyRm /Users/fritz/Desktop/BA/image-describer/apps/web/node_modules/@types/node is being purged from base /Users/fritz/Desktop/BA/image-describer/apps/web
520 verbose gentlyRm don't care about contents; nuking /Users/fritz/Desktop/BA/image-describer/apps/web/node_modules/@types/node
521 silly vacuum-fs purging /Users/fritz/Desktop/BA/image-describer/apps/web/node_modules/@types/node
522 silly vacuum-fs removing /Users/fritz/Desktop/BA/image-describer/apps/web/node_modules/@types
523 silly vacuum-fs quitting because other entries in /Users/fritz/Desktop/BA/image-describer/apps/web/node_modules
